
=================================================================
[1/5] Contracte: 1198/2022_
  Objecte : Autoritzacions per lÔÇÖexplotaci├│ dels m├▓duls de restauraci├│ en zona de servitud de protecci├│ de domin...
  Tipus   : Serveis
  CPV BD  : 92332000-7 -- ?
  CPV exist: SI
  Netejat : lÔÇÖexplotaci├│ dels m├▓duls de restauraci├│ en zona de servitud de protecci├│ de domi...
  Tipus IA: servei
  Kw IA   : ['passeig mar├¡tim', 'zona de servitud', 'protecci├│ de domini p├║blic', 'm├▓duls de restauraci├│', 'exposici├│ mar├¡tim', 'terrestre']
  [KO] CPV ESPERAT NO TROBAT en 6 candidats
     Candidat: 63700000-6 -- Serveis complementaris per al transport terrestre,
     Candidat: 64214400-3 -- Lloguer de l├¡nies terrestres de comunicaci├│
     Candidat: 63710000-9 -- Serveis complementaris per al transport terrestre
     Candidat: 35611200-2 -- Caces bombarders o avions d'atac contra blancs ter
     Candidat: 32533000-8 -- Estacions terrestres de comunicacions per sat├¿l┬Àli

=================================================================
[2/5] Contracte: 1199/2023
  Objecte : Autoritzacions per lÔÇÖexplotaci├│ dels serveis de temporada (activitats de platja) de la platja de Cun...
  Tipus   : Serveis
  CPV BD  : 92332000-7 -- ?
  CPV exist: SI
  Netejat : lÔÇÖexplotaci├│ dels serveis de temporada (activitats de platja) de la platja de Cu...
  Tipus IA: servei
  Kw IA   : ['serveis', 'temporada', 'platja', 'lot', 'activitats', '2023']
  [KO] CPV ESPERAT NO TROBAT en 28 candidats
     Candidat: 19160000-5 -- Corretges de rellotge
     Candidat: 39310000-8 -- Equip de serveis d'├ápats
     Candidat: 44511300-8 -- Aixades, pics, binadores, rasclets i rasclets de p
     Candidat: 44511341-7 -- Rasclets de platja
     Candidat: 15512300-3 -- "Clotted cream"

=================================================================
[3/5] Contracte: 2434/2025
  Objecte : 1.4.6. Contracte menor de 10.000 o m├®s - Contractaci├│ de reparaci├│ de diversos elements dels jocs in...
  Tipus   : Serveis
  CPV BD  : 37524000-7 -- ?
  CPV exist: SI
  Netejat : 1.4.6. Contracte menor de 10.000 o m├®s - Contractaci├│ de reparaci├│ de diversos e...
  Tipus IA: servei
  Kw IA   : ['jocs', 'infantils', 'contractaci├│', 'reparaci├│', 'elements']
  [KO] CPV ESPERAT NO TROBAT en 43 candidats
     Candidat: 45100000-8 -- Treballs de preparaci├│ del terreny
     Candidat: 31124100-2 -- Jocs de generadors de turbina
     Candidat: 37000000-8 -- Instruments musicals, articles esportius, jocs, jo
     Candidat: 37535240-1 -- Tobogans de parcs infantils
     Candidat: 37535230-8 -- Cavallets de parcs infantils

=================================================================
[4/5] Contracte: 6307/2023
  Objecte : Concessi├│ demanial per la utilitzaci├│ privativa de terrenys de propietat municipal per a lÔÇÖadequaci├│...
  Tipus   : Concessi├│ de serveis
  CPV BD  : 55410000-7 -- ?
  CPV exist: SI
  Netejat : utilitzaci├│ privativa de terrenys de propietat municipal per a lÔÇÖadequaci├│, mant...
  Tipus IA: servei
  Kw IA   : ['furgons', 'vehicles', 'gossera', 'gossos', 'programari', 'terrenys']
  [KO] CPV ESPERAT NO TROBAT en 57 candidats
     Candidat: 34144400-2 -- Vehicles de manteniment de carreteres
     Candidat: 34621000-6 -- Vehicles de manteniment o de servei per a ferrocar
     Candidat: 03325000-3 -- Animals petits
     Candidat: 45212400-0 -- Edificis d'allotjament i de restauraci├│
     Candidat: 34136000-9 -- Furgons

=================================================================
[5/5] Contracte: 1198/2022
  Objecte : Autoritzacions per l'explotaci├│ dels m├▓duls de restauraci├│ en zona de servitud de protecci├│ de domin...
  Tipus   : Serveis
  CPV BD  : 92332000-7 -- ?
  CPV exist: SI
  Netejat : explotaci├│ dels m├▓duls de restauraci├│ en zona de servitud de protecci├│ de domini...
  Tipus IA: servei
  Kw IA   : ['m├▓duls', 'restauraci├│', 'zona', 'servitud', 'protecci├│', 'domini p├║blic']
  [KO] CPV ESPERAT NO TROBAT en 37 candidats
     Candidat: 18444000-3 -- Lligadures de protecci├│
     Candidat: 45243500-7 -- Treballs de construcci├│ de defenses mar├¡times
     Candidat: 31216100-4 -- Equip de protecci├│ contra llamps
     Candidat: 45212400-0 -- Edificis d'allotjament i de restauraci├│
     Candidat: 35611200-2 -- Caces bombarders o avions d'atac contra blancs ter

=================================================================
RESULTAT: 0/5 CPVs esperats en candidats textuals (0%)
